]0;/stor/home/jtg2458/Project 3/Website 3.0]0;jtg2458@educcomp03: ~/Project 3/Website 3.0[01;32mjtg2458@educcomp03[00m:[01;34m~/Project 3/Website 3.0[00m$ [K]0;jtg2458@educcomp03: ~/Project 3/Website 3.0[01;32mjtg2458@educcomp03[00m:[01;34m~/Project 3/Website 3.0[00m$ git--version --version
git version 2.17.1
]0;/stor/home/jtg2458/Project 3/Website 3.0]0;jtg2458@educcomp03: ~/Project 3/Website 3.0[01;32mjtg2458@educcomp03[00m:[01;34m~/Project 3/Website 3.0[00m$ cd ~/Desktop/PROJECT_DIRECTORY_NAME[K[K[K[K[K[K[K[K[K[K[K[K[K[K[K[K[K[K[K[K[K[KWebsite 3.0[1P[1P[1P[1P[1P[1P[C[1P[1@P[1@r[1@o[1@j[1@e[1@c[1@t[1@3
bash: cd: too many arguments
]0;/stor/home/jtg2458/Project 3/Website 3.0]0;jtg2458@educcomp03: ~/Project 3/Website 3.0[01;32mjtg2458@educcomp03[00m:[01;34m~/Project 3/Website 3.0[00m$ cd ~/Project3/Website 3.0[1@ 
bash: cd: too many arguments
]0;/stor/home/jtg2458/Project 3/Website 3.0]0;jtg2458@educcomp03: ~/Project 3/Website 3.0[01;32mjtg2458@educcomp03[00m:[01;34m~/Project 3/Website 3.0[00m$ git init
Initialized empty Git repository in /stor/home/jtg2458/Project 3/Website 3.0/.git/
]0;/stor/home/jtg2458/Project 3/Website 3.0]0;jtg2458@educcomp03: ~/Project 3/Website 3.0[01;32mjtg2458@educcomp03[00m:[01;34m~/Project 3/Website 3.0[00m$ git commit -m "first website commit"
On branch master

Initial commit

Untracked files:
	[31m.Rproj.user/[m
	[31mWebsite 3.0.Rproj[m
	[31mconfig.toml[m
	[31mcontent/[m
	[31mdata/[m
	[31mindex.Rmd[m
	[31mpublic/[m
	[31mstatic/[m
	[31mthemes/[m

nothing added to commit but untracked files present
]0;/stor/home/jtg2458/Project 3/Website 3.0]0;jtg2458@educcomp03: ~/Project 3/Website 3.0[01;32mjtg2458@educcomp03[00m:[01;34m~/Project 3/Website 3.0[00m$ git remote add origin https://github.com/USERNAME/WWEBSITE_REPOSITORY.git[1PY.git[1PY.git[1PY.git[1PY.git[1PY.git[1PY.git[1PY.git[1PY.git[1PY.git[1PY.git[1PY.git[1PY.git[1PY.git[1PY.git[C[C[C[1PY.git[C[C[1PY.git[C3Y.git[C[C[1PY.git[C[C[C[1Pgit.git[1P.git[Ce.git[C[Cb.gits.giti.gitt.gite.git3.git[C.git0.git[A[C[C[C[C[C[C[C[C[C[C[C[C[C[C[C[C[C[C[C[C[C[C[C[C[C[C[C[C[C[C[C[C[C[C[C[C[C[C[C[C[C[C[C[C[C[C[C[C[C[C[C[C[C[C[C[C[C[C[C[C[C[C[C[C[C[C[C[C[C[C[C[C[C[C[C[C[C[C[C[C[C[C[C[C[C[C[C[C[C[C[C[C[C[C[C/We[1Pbsite3.0.git[A]0;jtg2458@educcomp03: ~/Project 3/Website 3.0[01;32mjtg2458@educcomp03[00m:[01;34m~/Project 3/Website 3.0[00m$ [C[C[C[C[C[C[C[C[C[C[C[C[C[C[C[C[C[C[C[C[C[C[C[C[C[C[C[C[C[C[C[C[C[C[C[C[C[C[C[C[C[C[C[C[C[C[C[C/Web[1Psite3.0.git[A]0;jtg2458@educcomp03: ~/Project 3/Website 3.0[01;32mjtg2458@educcomp03[00m:[01;34m~/Project 3/Website 3.0[00m$ [C[C[C[C[C[C[C[C[C[C[C[C[C[C[C[C[C[C[C[C[C[C[C[C[C[C[C[C[C[C[C[C[C[C[C[C[C[C[C[C[C[C[C[C[C[C[C/Webs[1Pite3.0.git[A]0;jtg2458@educcomp03: ~/Project 3/Website 3.0[01;32mjtg2458@educcomp03[00m:[01;34m~/Project 3/Website 3.0[00m$ [C[C[C[C[C[C[C[C[C[C[C[C[C[C[C[C[C[C[C[C[C[C[C[C[C[C[C[C[C[C[C[C[C[C[C[C[C[C[C[C[C[C[C[C[C[C/Websi[1Pte3.0.git[A]0;jtg2458@educcomp03: ~/Project 3/Website 3.0[01;32mjtg2458@educcomp03[00m:[01;34m~/Project 3/Website 3.0[00m$ [C[C[C[C[C[C[C[C[C[C[C[C[C[C[C[C[C[C[C[C[C[C[C[C[C[C[C[C[C[C[C[C[C[C[C[C[C[C[C[C[C[C[C[C[C/Websit[1Pe3.0.git[A]0;jtg2458@educcomp03: ~/Project 3/Website 3.0[01;32mjtg2458@educcomp03[00m:[01;34m~/Project 3/Website 3.0[00m$ [C[C[C[C[C[C[C[C[C[C[C[C[C[C[C[C[C[C[C[C[C[C[C[C[C[C[C[C[C[C[C[C[C[C[C[C[C[C[C[C[C[C[C[C/Website[1P3.0.git[A]0;jtg2458@educcomp03: ~/Project 3/Website 3.0[01;32mjtg2458@educcomp03[00m:[01;34m~/Project 3/Website 3.0[00m$ [C[C[C[C[C[C[C[C[C[C[C[C[C[C[C[C[C[C[C[C[C[C[C[C[C[C[C[C[C[C[C[C[C[C[C[C[C[C[C[C[C[C[C/Website3[1P.0.git[A]0;jtg2458@educcomp03: ~/Project 3/Website 3.0[01;32mjtg2458@educcomp03[00m:[01;34m~/Project 3/Website 3.0[00m$ [C[C[C[C[C[C[C[C[C[C[C[C[C[C[C[C[C[C[C[C[C[C[C[C[C[C[C[C[C[C[C[C[C[C[C[C[C[C[C[C[C[C/Website3.[1P0.git[A]0;jtg2458@educcomp03: ~/Project 3/Website 3.0[01;32mjtg2458@educcomp03[00m:[01;34m~/Project 3/Website 3.0[00m$ [C[C[C[C[C[C[C[C[C[C[C[C[C[C[C[C[C[C[C[C[C[C[C[C[C[C[C[C[C[C[C[C[C[C[C[C[C[C[C[C[CJ/Website3.0.git[A]0;jtg2458@educcomp03: ~/Project 3/Website 3.0[01;32mjtg2458@educcomp03[00m:[01;34m~/Project 3/Website 3.0[00m$ [C[C[C[C[C[C[C[C[C[C[C[C[C[C[C[C[C[C[C[C[C[C[C[C[C[C[C[C[C[C[C[C[C[C[C[C[C[C[C[C[C[Co/Website3.0.git[A]0;jtg2458@educcomp03: ~/Project 3/Website 3.0[01;32mjtg2458@educcomp03[00m:[01;34m~/Project 3/Website 3.0[00m$ [C[C[C[C[C[C[C[C[C[C[C[C[C[C[C[C[C[C[C[C[C[C[C[C[C[C[C[C[C[C[C[C[C[C[C[C[C[C[C[C[C[C[Cs/Website3.0.git[A]0;jtg2458@educcomp03: ~/Project 3/Website 3.0[01;32mjtg2458@educcomp03[00m:[01;34m~/Project 3/Website 3.0[00m$ [C[C[C[C[C[C[C[C[C[C[C[C[C[C[C[C[C[C[C[C[C[C[C[C[C[C[C[C[C[C[C[C[C[C[C[C[C[C[C[C[C[C[C[Ch/Website3.0.git[A]0;jtg2458@educcomp03: ~/Project 3/Website 3.0[01;32mjtg2458@educcomp03[00m:[01;34m~/Project 3/Website 3.0[00m$ [C[C[C[C[C[C[C[C[C[C[C[C[C[C[C[C[C[C[C[C[C[C[C[C[C[C[C[C[C[C[C[C[C[C[C[C[C[C[C[C[C[C[C[C[C-/Website3.0.git[A]0;jtg2458@educcomp03: ~/Project 3/Website 3.0[01;32mjtg2458@educcomp03[00m:[01;34m~/Project 3/Website 3.0[00m$ [C[C[C[C[C[C[C[C[C[C[C[C[C[C[C[C[C[C[C[C[C[C[C[C[C[C[C[C[C[C[C[C[C[C[C[C[C[C[C[C[C[C[C[C[C[CG/Website3.0.git[A]0;jtg2458@educcomp03: ~/Project 3/Website 3.0[01;32mjtg2458@educcomp03[00m:[01;34m~/Project 3/Website 3.0[00m$ [C[C[C[C[C[C[C[C[C[C[C[C[C[C[C[C[C[C[C[C[C[C[C[C[C[C[C[C[C[C[C[C[C[C[C[C[C[C[C[C[C[C[C[C[C[C[Co/Website3.0.git[A]0;jtg2458@educcomp03: ~/Project 3/Website 3.0[01;32mjtg2458@educcomp03[00m:[01;34m~/Project 3/Website 3.0[00m$ [C[C[C[C[C[C[C[C[C[C[C[C[C[C[C[C[C[C[C[C[C[C[C[C[C[C[C[C[C[C[C[C[C[C[C[C[C[C[C[C[C[C[C[C[C[C[C[Ch/Website3.0.git[A]0;jtg2458@educcomp03: ~/Project 3/Website 3.0[01;32mjtg2458@educcomp03[00m:[01;34m~/Project 3/Website 3.0[00m$ [C[C[C[C[C[C[C[C[C[C[C[C[C[C[C[C[C[C[C[C[C[C[C[C[C[C[C[C[C[C[C[C[C[C[C[C[C[C[C[C[C[C[C[C[C[C[C[C[C

]0;/stor/home/jtg2458/Project 3/Website 3.0]0;jtg2458@educcomp03: ~/Project 3/Website 3.0[01;32mjtg2458@educcomp03[00m:[01;34m~/Project 3/Website 3.0[00m$ git push origin master
error: src refspec master does not match any.
error: failed to push some refs to 'https://github.com/Josh-Goh/Website3.0.git'
]0;/stor/home/jtg2458/Project 3/Website 3.0]0;jtg2458@educcomp03: ~/Project 3/Website 3.0[01;32mjtg2458@educcomp03[00m:[01;34m~/Project 3/Website 3.0[00m$ git remote add origin https://github.com/USERNAME/WWEBSITE_REPOSITORY.git[C[1P.git[1P.git[1P.git[1P.git[1P.git[1P.git[1P.git[1P.git[1P.git[1P.git[1P.git[1P.git[1P.git[1P.git[1P.git[1P.git[C[C[1P.git[Ce.git[C[Cb.gits.giti.gitt.gite.git3.git[C.git0.git[A[C[C[C[C[C[C[C[C[C[C[C[C[C[C[C[C[C[C[C[C[C[C[C[C[C[C[C[C[C[C[C[C[C[C[C[C[C[C[C[C[C[C[C[C[C[C[C[C[C[C[C[C[C[C[C[C[C[C[C[C[C[C[C[C[C[C[C[C[C[C[C[C[C[C[C[C[C[C[C[C[C[C[C[C[C[C[C[C[C[C[C[C[C[C/We[1Pbsite3.0.git[A]0;jtg2458@educcomp03: ~/Project 3/Website 3.0[01;32mjtg2458@educcomp03[00m:[01;34m~/Project 3/Website 3.0[00m$ [C[C[C[C[C[C[C[C[C[C[C[C[C[C[C[C[C[C[C[C[C[C[C[C[C[C[C[C[C[C[C[C[C[C[C[C[C[C[C[C[C[C[C[C[C[C[C[C/Web[1Psite3.0.git[A]0;jtg2458@educcomp03: ~/Project 3/Website 3.0[01;32mjtg2458@educcomp03[00m:[01;34m~/Project 3/Website 3.0[00m$ [C[C[C[C[C[C[C[C[C[C[C[C[C[C[C[C[C[C[C[C[C[C[C[C[C[C[C[C[C[C[C[C[C[C[C[C[C[C[C[C[C[C[C[C[C[C[C/Webs[1Pite3.0.git[A]0;jtg2458@educcomp03: ~/Project 3/Website 3.0[01;32mjtg2458@educcomp03[00m:[01;34m~/Project 3/Website 3.0[00m$ [C[C[C[C[C[C[C[C[C[C[C[C[C[C[C[C[C[C[C[C[C[C[C[C[C[C[C[C[C[C[C[C[C[C[C[C[C[C[C[C[C[C[C[C[C[C/Websi[1Pte3.0.git[A]0;jtg2458@educcomp03: ~/Project 3/Website 3.0[01;32mjtg2458@educcomp03[00m:[01;34m~/Project 3/Website 3.0[00m$ [C[C[C[C[C[C[C[C[C[C[C[C[C[C[C[C[C[C[C[C[C[C[C[C[C[C[C[C[C[C[C[C[C[C[C[C[C[C[C[C[C[C[C[C[C/Websit[1Pe3.0.git[A]0;jtg2458@educcomp03: ~/Project 3/Website 3.0[01;32mjtg2458@educcomp03[00m:[01;34m~/Project 3/Website 3.0[00m$ [C[C[C[C[C[C[C[C[C[C[C[C[C[C[C[C[C[C[C[C[C[C[C[C[C[C[C[C[C[C[C[C[C[C[C[C[C[C[C[C[C[C[C[C/Website[1P3.0.git[A]0;jtg2458@educcomp03: ~/Project 3/Website 3.0[01;32mjtg2458@educcomp03[00m:[01;34m~/Project 3/Website 3.0[00m$ [C[C[C[C[C[C[C[C[C[C[C[C[C[C[C[C[C[C[C[C[C[C[C[C[C[C[C[C[C[C[C[C[C[C[C[C[C[C[C[C[C[C[C/Website3[1P.0.git[A]0;jtg2458@educcomp03: ~/Project 3/Website 3.0[01;32mjtg2458@educcomp03[00m:[01;34m~/Project 3/Website 3.0[00m$ [C[C[C[C[C[C[C[C[C[C[C[C[C[C[C[C[C[C[C[C[C[C[C[C[C[C[C[C[C[C[C[C[C[C[C[C[C[C[C[C[C[C/Website3.[1P0.git[A]0;jtg2458@educcomp03: ~/Project 3/Website 3.0[01;32mjtg2458@educcomp03[00m:[01;34m~/Project 3/Website 3.0[00m$ [C[C[C[C[C[C[C[C[C[C[C[C[C[C[C[C[C[C[C[C[C[C[C[C[C[C[C[C[C[C[C[C[C[C[C[C[C[C[C[C[CJ/Website3.0.git[A]0;jtg2458@educcomp03: ~/Project 3/Website 3.0[01;32mjtg2458@educcomp03[00m:[01;34m~/Project 3/Website 3.0[00m$ [C[C[C[C[C[C[C[C[C[C[C[C[C[C[C[C[C[C[C[C[C[C[C[C[C[C[C[C[C[C[C[C[C[C[C[C[C[C[C[C[C[Co/Website3.0.git[A]0;jtg2458@educcomp03: ~/Project 3/Website 3.0[01;32mjtg2458@educcomp03[00m:[01;34m~/Project 3/Website 3.0[00m$ [C[C[C[C[C[C[C[C[C[C[C[C[C[C[C[C[C[C[C[C[C[C[C[C[C[C[C[C[C[C[C[C[C[C[C[C[C[C[C[C[C[C[Cs/Website3.0.git[A]0;jtg2458@educcomp03: ~/Project 3/Website 3.0[01;32mjtg2458@educcomp03[00m:[01;34m~/Project 3/Website 3.0[00m$ [C[C[C[C[C[C[C[C[C[C[C[C[C[C[C[C[C[C[C[C[C[C[C[C[C[C[C[C[C[C[C[C[C[C[C[C[C[C[C[C[C[C[C[Ch/Website3.0.git[A]0;jtg2458@educcomp03: ~/Project 3/Website 3.0[01;32mjtg2458@educcomp03[00m:[01;34m~/Project 3/Website 3.0[00m$ [C[C[C[C[C[C[C[C[C[C[C[C[C[C[C[C[C[C[C[C[C[C[C[C[C[C[C[C[C[C[C[C[C[C[C[C[C[C[C[C[C[C[C[C[C-/Website3.0.git[A]0;jtg2458@educcomp03: ~/Project 3/Website 3.0[01;32mjtg2458@educcomp03[00m:[01;34m~/Project 3/Website 3.0[00m$ [C[C[C[C[C[C[C[C[C[C[C[C[C[C[C[C[C[C[C[C[C[C[C[C[C[C[C[C[C[C[C[C[C[C[C[C[C[C[C[C[C[C[C[C[C[CG/Website3.0.git[A]0;jtg2458@educcomp03: ~/Project 3/Website 3.0[01;32mjtg2458@educcomp03[00m:[01;34m~/Project 3/Website 3.0[00m$ [C[C[C[C[C[C[C[C[C[C[C[C[C[C[C[C[C[C[C[C[C[C[C[C[C[C[C[C[C[C[C[C[C[C[C[C[C[C[C[C[C[C[C[C[C[C[Co/Website3.0.git[A]0;jtg2458@educcomp03: ~/Project 3/Website 3.0[01;32mjtg2458@educcomp03[00m:[01;34m~/Project 3/Website 3.0[00m$ [C[C[C[C[C[C[C[C[C[C[C[C[C[C[C[C[C[C[C[C[C[C[C[C[C[C[C[C[C[C[C[C[C[C[C[C[C[C[C[C[C[C[C[C[C[C[C[Ch/Website3.0.git[A]0;jtg2458@educcomp03: ~/Project 3/Website 3.0[01;32mjtg2458@educcomp03[00m:[01;34m~/Project 3/Website 3.0[00m$ [C[C[C[C[C[C[C[C[C[C[C[C[C[C[C[C[C[C[C[C[C[C[C[C[C[C[C[C[C[C[C[C[C[C[C[C[C[C[C[C[C[C[C[C[C[C[C[C[C

fatal: remote origin already exists.
]0;/stor/home/jtg2458/Project 3/Website 3.0]0;jtg2458@educcomp03: ~/Project 3/Website 3.0[01;32mjtg2458@educcomp03[00m:[01;34m~/Project 3/Website 3.0[00m$ gi[K[Kgit push origin master
error: src refspec master does not match any.
error: failed to push some refs to 'https://github.com/Josh-Goh/Website3.0.git'
]0;/stor/home/jtg2458/Project 3/Website 3.0]0;jtg2458@educcomp03: ~/Project 3/Website 3.0[01;32mjtg2458@educcomp03[00m:[01;34m~/Project 3/Website 3.0[00m$ cd ~/Project 3/Website 3.0
bash: cd: too many arguments
]0;/stor/home/jtg2458/Project 3/Website 3.0]0;jtg2458@educcomp03: ~/Project 3/Website 3.0[01;32mjtg2458@educcomp03[00m:[01;34m~/Project 3/Website 3.0[00m$ git init
Reinitialized existing Git repository in /stor/home/jtg2458/Project 3/Website 3.0/.git/
]0;/stor/home/jtg2458/Project 3/Website 3.0]0;jtg2458@educcomp03: ~/Project 3/Website 3.0[01;32mjtg2458@educcomp03[00m:[01;34m~/Project 3/Website 3.0[00m$ git add .
